Microchip MPLAB XC8 Compiler V1.41 ()

Linker command line:

-W-3 --edf=C:\Program Files\Microchip\xc8\v1.41\dat\en_msgs.txt -cs \
  -h+dist/default/production\Brainiac.production.sym \
  --cmf=dist/default/production\Brainiac.production.cmf -z -Q18F46K22 \
  -oC:\Users\ARIELL~1\AppData\Local\Temp\s51k.2 \
  -Mdist/default/production/Brainiac.production.map -E1 -ver=XC8 \
  -ASTACK=05A0h-0f37h -pstack=STACK -ACODE=00h-0FFFFh -ACONST=00h-0FFFFh \
  -ASMALLCONST=01000h-010FFhx240 -AMEDIUMCONST=01000h-0FFFFh \
  -ACOMRAM=01h-05Fh -AABS1=00h-0F37h -ABIGRAM=01h-0F37h \
  -ARAM=060h-0FFh,0100h-01FFhx14,0F00h-0F37h -ABANK0=060h-0FFh \
  -ABANK1=0100h-01FFh -ABANK2=0200h-02FFh -ABANK3=0300h-03FFh \
  -ABANK4=0400h-04FFh -ABANK5=0500h-05FFh -ABANK6=0600h-06FFh \
  -ABANK7=0700h-07FFh -ABANK8=0800h-08FFh -ABANK9=0900h-09FFh \
  -ABANK10=0A00h-0AFFh -ABANK11=0B00h-0BFFh -ABANK12=0C00h-0CFFh \
  -ABANK13=0D00h-0DFFh -ABANK14=0E00h-0EFFh -ABANK15=0F00h-0F37h \
  -ASFR=0F38h-0F5Fh,0F60h-0FFFh \
  -preset_vec=00h,intcode=08h,intcodelo,powerup,init -pramtop=01000h \
  -psmallconst=SMALLCONST -pmediumconst=MEDIUMCONST -pconst=CONST \
  -AFARRAM=00h-00h -ACONFIG=0300000h-030000Dh -pconfig=CONFIG \
  -AIDLOC=0200000h-0200007h -pidloc=IDLOC -AEEDATA=0F00000h-0F003FFh \
  -peeprom_data=EEDATA \
  -prdata=COMRAM,nvrram=COMRAM,nvbit=COMRAM,rbss=COMRAM,rbit=COMRAM \
  -pfarbss=FARRAM,fardata=FARRAM,nvFARRAM=FARRAM \
  -pintsave_regs=BIGRAM,bigbss=BIGRAM,bigdata=BIGRAM -pbss=RAM \
  -pidata=CODE,irdata=CODE,ibigdata=CODE,ifardata=CODE -prparam=COMRAM \
  C:\Users\ARIELL~1\AppData\Local\Temp\s51k.obj \
  dist/default/production\Brainiac.production.obj 

Object code version is 3.11

Machine type is 18F46K22

Call graph: (short form)




                Name                               Link     Load   Length Selector   Space Scale
C:\Users\ARIELL~1\AppData\Local\Temp\s51k.obj
                init                                 BA       BA        4        4       0
                reset_vec                             0        0        4        0       0
                idloc                            200000   200000        8   200000       0
                config                           300000   300000        E   300000       0
dist/default/production\Brainiac.production.obj
                intcode                               8        8       B2        4       0
                temp                                 4F       4F        1        1       1
                smallconst                         1000     1000       60      800       0
                text100                            3D90     3D90       2C      830       0
                text99                             3CA2     3CA2       32      830       0
                text98                             3156     3156       AA      830       0
                text97                             3A64     3A64       42      830       0
                text96                             40BE     40BE       12      830       0
                text95                             4154     4154        2      830       0
                text94                             3F0C     3F0C       24      830       0
                text93                             4136     4136        8      830       0
                text92                             3D64     3D64       2C      830       0
                text91                             4152     4152        2      830       0
                text90                             3EE8     3EE8       24      830       0
                text89                             412E     412E        8      830       0
                text87                             4098     4098       14      830       0
                text86                             22F6     22F6      1A4      830       0
                text85                             3F72     3F72       20      830       0
                text84                             394E     394E       48      830       0
                text83                             405A     405A       16      830       0
                text82                             4044     4044       16      830       0
                text81                             39DC     39DC       46      830       0
                text80                             367A     367A       70      830       0
                text79                             3C6E     3C6E       34      830       0
                text78                             263C     263C      128      830       0
                text77                             3D34     3D34       30      830       0
                text76                             3C38     3C38       36      830       0
                text75                             3C02     3C02       36      830       0
                text74                             3BCC     3BCC       36      830       0
                text73                             2F50     2F50       AE      830       0
                text72                             2B38     2B38       E6      830       0
                text71                             3200     3200       90      830       0
                text70                             2958     2958       F4      830       0
                text69                             3818     3818       52      830       0
                text68                             3EC4     3EC4       24      830       0
                text67                             3E32     3E32       26      830       0
                text66                             1A62     1A62      268      830       0
                text65                             3D04     3D04       30      830       0
                text64                             3518     3518       78      830       0
                text63                             2864     2864       F4      830       0
                text62                             34A0     34A0       78      830       0
                text61                             33A0     33A0       82      830       0
                text60                             3290     3290       8E      830       0
                text59                             1060     1060      A02      830       0
                text58                             3EA0     3EA0       24      830       0
                text57                             2764     2764      100      830       0
                text56                             3DE4     3DE4       28      830       0
                text55                             3AE4     3AE4       3E      830       0
                text54                             411C     411C        A      830       0
                text53                             249A     249A      1A2      830       0
                text52                             38B8     38B8       4C      830       0
                text51                             36EA     36EA       6E      830       0
                text50                             3606     3606       74      830       0
                text49                             2A4C     2A4C       EC      830       0
                text48                             3B5C     3B5C       3A      830       0
                text47                             4084     4084       14      830       0
                text46                             4070     4070       14      830       0
                text45                             37BA     37BA       5E      830       0
                text44                             30AA     30AA       AC      830       0
                text43                             2FFE     2FFE       AC      830       0
                text42                             331E     331E       82      830       0
                text41                             3904     3904       4A      830       0
                text40                             3A22     3A22       42      830       0
                text39                             1CCA     1CCA      25E      830       0
                text38                             3F52     3F52       20      830       0
                text37                             2134     2134      1C2      830       0
                text36                             2DD6     2DD6       C6      830       0
                text35                             1F28     1F28      20C      830       0
                text34                             2D02     2D02       D4      830       0
                text33                             2C1E     2C1E       E4      830       0
                text32                             3996     3996       46      830       0
                text31                             2E9C     2E9C       B4      830       0
                text30                             4126     4126        8      830       0
                text29                             3422     3422       7E      830       0
                text28                             40AC     40AC       12      830       0
                text27                             4000     4000       18      830       0
                text26                             3FCE     3FCE       1A      830       0
                text25                             40FA     40FA        E      830       0
                text24                             40EC     40EC        E      830       0
                text23                             3AA6     3AA6       3E      830       0
                text22                             4112     4112        A      830       0
                text21                             4108     4108        A      830       0
                text20                             3758     3758       62      830       0
                text19                             4150     4150        2      830       0
                text18                             402E     402E       16      830       0
                text17                             3E7C     3E7C       24      830       0
                text16                             3E58     3E58       24      830       0
                text15                             3CD4     3CD4       30      830       0
                text14                             3B96     3B96       36      830       0
                text13                             3E0C     3E0C       26      830       0
                text12                             40DE     40DE        E      830       0
                text11                             40D0     40D0        E      830       0
                text10                             386A     386A       4E      830       0
                text9                              3FB0     3FB0       1E      830       0
                text8                              3F92     3F92       1E      830       0
                text7                              414A     414A        4      830       0
                text6                              3F30     3F30       22      830       0
                text5                              4144     4144        6      830       0
                text4                              3DBC     3DBC       28      830       0
                text3                              413E     413E        6      830       0
                text2                              3FE8     3FE8       18      830       0
                text1                              3B22     3B22       3A      830       0
                text0                              4018     4018       16      830       0
                cstackCOMRAM                          1        1       3E        1       1
                cstackBANK0                          DA       DA       20       60       1
                cstackBANK1                         1E1      1E1        B      100       1
                bssBANK5                            500      500       A0      500       1
                bssBANK4                            400      400       A0      400       1
                bssBANK3                            300      300       82      300       1
                bssBANK2                            200      200       C2      200       1
                bssBANK1                            100      100       E1      100       1
                bssBANK0                             60       60       7A       60       1
                dataCOMRAM                           4D       4D        2        1       1
                bssCOMRAM                            3F       3F        E        1       1
                cinit                              3590     3590       76      830       0
                nvBANK0                              FA       FA        6       60       1
                idataCOMRAM                        414E     414E        2      830       0

TOTAL           Name                               Link     Load   Length     Space
        CLASS   STACK          

        CLASS   CODE           
                intcode                               8        8       B2         0
                init                                 BA       BA        4         0
                reset_vec                             0        0        4         0
                text100                            3D90     3D90       2C         0
                text99                             3CA2     3CA2       32         0
                text98                             3156     3156       AA         0
                text97                             3A64     3A64       42         0
                text96                             40BE     40BE       12         0
                text95                             4154     4154        2         0
                text94                             3F0C     3F0C       24         0
                text93                             4136     4136        8         0
                text92                             3D64     3D64       2C         0
                text91                             4152     4152        2         0
                text90                             3EE8     3EE8       24         0
                text89                             412E     412E        8         0
                text87                             4098     4098       14         0
                text86                             22F6     22F6      1A4         0
                text85                             3F72     3F72       20         0
                text84                             394E     394E       48         0
                text83                             405A     405A       16         0
                text82                             4044     4044       16         0
                text81                             39DC     39DC       46         0
                text80                             367A     367A       70         0
                text79                             3C6E     3C6E       34         0
                text78                             263C     263C      128         0
                text77                             3D34     3D34       30         0
                text76                             3C38     3C38       36         0
                text75                             3C02     3C02       36         0
                text74                             3BCC     3BCC       36         0
                text73                             2F50     2F50       AE         0
                text72                             2B38     2B38       E6         0
                text71                             3200     3200       90         0
                text70                             2958     2958       F4         0
                text69                             3818     3818       52         0
                text68                             3EC4     3EC4       24         0
                text67                             3E32     3E32       26         0
                text66                             1A62     1A62      268         0
                text65                             3D04     3D04       30         0
                text64                             3518     3518       78         0
                text63                             2864     2864       F4         0
                text62                             34A0     34A0       78         0
                text61                             33A0     33A0       82         0
                text60                             3290     3290       8E         0
                text59                             1060     1060      A02         0
                text58                             3EA0     3EA0       24         0
                text57                             2764     2764      100         0
                text56                             3DE4     3DE4       28         0
                text55                             3AE4     3AE4       3E         0
                text54                             411C     411C        A         0
                text53                             249A     249A      1A2         0
                text52                             38B8     38B8       4C         0
                text51                             36EA     36EA       6E         0
                text50                             3606     3606       74         0
                text49                             2A4C     2A4C       EC         0
                text48                             3B5C     3B5C       3A         0
                text47                             4084     4084       14         0
                text46                             4070     4070       14         0
                text45                             37BA     37BA       5E         0
                text44                             30AA     30AA       AC         0
                text43                             2FFE     2FFE       AC         0
                text42                             331E     331E       82         0
                text41                             3904     3904       4A         0
                text40                             3A22     3A22       42         0
                text39                             1CCA     1CCA      25E         0
                text38                             3F52     3F52       20         0
                text37                             2134     2134      1C2         0
                text36                             2DD6     2DD6       C6         0
                text35                             1F28     1F28      20C         0
                text34                             2D02     2D02       D4         0
                text33                             2C1E     2C1E       E4         0
                text32                             3996     3996       46         0
                text31                             2E9C     2E9C       B4         0
                text30                             4126     4126        8         0
                text29                             3422     3422       7E         0
                text28                             40AC     40AC       12         0
                text27                             4000     4000       18         0
                text26                             3FCE     3FCE       1A         0
                text25                             40FA     40FA        E         0
                text24                             40EC     40EC        E         0
                text23                             3AA6     3AA6       3E         0
                text22                             4112     4112        A         0
                text21                             4108     4108        A         0
                text20                             3758     3758       62         0
                text19                             4150     4150        2         0
                text18                             402E     402E       16         0
                text17                             3E7C     3E7C       24         0
                text16                             3E58     3E58       24         0
                text15                             3CD4     3CD4       30         0
                text14                             3B96     3B96       36         0
                text13                             3E0C     3E0C       26         0
                text12                             40DE     40DE        E         0
                text11                             40D0     40D0        E         0
                text10                             386A     386A       4E         0
                text9                              3FB0     3FB0       1E         0
                text8                              3F92     3F92       1E         0
                text7                              414A     414A        4         0
                text6                              3F30     3F30       22         0
                text5                              4144     4144        6         0
                text4                              3DBC     3DBC       28         0
                text3                              413E     413E        6         0
                text2                              3FE8     3FE8       18         0
                text1                              3B22     3B22       3A         0
                text0                              4018     4018       16         0
                cinit                              3590     3590       76         0
                idataCOMRAM                        414E     414E        2         0

        CLASS   CONST          

        CLASS   SMALLCONST     
                smallconst                         1000     1000       60         0

        CLASS   MEDIUMCONST    

        CLASS   COMRAM         
                temp                                 4F       4F        1         1
                cstackCOMRAM                          1        1       3E         1
                dataCOMRAM                           4D       4D        2         1
                bssCOMRAM                            3F       3F        E         1

        CLASS   ABS1           

        CLASS   BIGRAM         

        CLASS   RAM            

        CLASS   BANK0          
                cstackBANK0                          DA       DA       20         1
                bssBANK0                             60       60       7A         1
                nvBANK0                              FA       FA        6         1

        CLASS   BANK1          
                cstackBANK1                         1E1      1E1        B         1
                bssBANK1                            100      100       E1         1

        CLASS   BANK2          
                bssBANK2                            200      200       C2         1

        CLASS   BANK3          
                bssBANK3                            300      300       82         1

        CLASS   BANK4          
                bssBANK4                            400      400       A0         1

        CLASS   BANK5          
                bssBANK5                            500      500       A0         1

        CLASS   BANK6          

        CLASS   BANK7          

        CLASS   BANK8          

        CLASS   BANK9          

        CLASS   BANK10         

        CLASS   BANK11         

        CLASS   BANK12         

        CLASS   BANK13         

        CLASS   BANK14         

        CLASS   BANK15         

        CLASS   SFR            

        CLASS   FARRAM         

        CLASS   CONFIG         
                config                           300000   300000        E         0

        CLASS   IDLOC          
                idloc                            200000   200000        8         0

        CLASS   EEDATA         



SEGMENTS        Name                           Load    Length   Top    Selector   Space  Class

                reset_vec                      000000  000004  000004         0       0  CODE    
                cstackCOMRAM                   000001  00004F  000050         1       1  COMRAM  
                intcode                        000008  0000B6  0000BE         4       0  CODE    
                bssBANK0                       000060  0000A0  000100        60       1  BANK0   
                bssBANK1                       000100  0000EC  0001EC       100       1  BANK1   
                bssBANK2                       000200  0000C2  0002C2       200       1  BANK2   
                bssBANK3                       000300  000082  000382       300       1  BANK3   
                bssBANK4                       000400  0000A0  0004A0       400       1  BANK4   
                bssBANK5                       000500  0000A0  0005A0       500       1  BANK5   
                smallconst                     001000  000060  001060       800       0  SMALLCON
                text59                         001060  0030F6  004156       830       0  CODE    
                idloc                          200000  000008  200008    200000       0  IDLOC   
                config                         300000  00000E  30000E    300000       0  CONFIG  


UNUSED ADDRESS RANGES

        Name                Unused          Largest block    Delta
        BANK1            0001EC-0001FF               14
        BANK10           000A00-000AFF              100
        BANK11           000B00-000BFF              100
        BANK12           000C00-000CFF              100
        BANK13           000D00-000DFF              100
        BANK14           000E00-000EFF              100
        BANK15           000F00-000F37               38
        BANK2            0002C2-0002FF               3E
        BANK3            000382-0003FF               7E
        BANK4            0004A0-0004FF               60
        BANK5            0005A0-0005FF               60
        BANK6            000600-0006FF              100
        BANK7            000700-0007FF              100
        BANK8            000800-0008FF              100
        BANK9            000900-0009FF              100
        BIGRAM           000050-00005F               10
                         0001EC-0001FF               14
                         0002C2-0002FF               3E
                         000382-0003FF               7E
                         0004A0-0004FF               60
                         0005A0-000F37              998
        CODE             000004-000007                4
                         0000BE-000FFF              F42
                         004156-00FFFF             BEAA
        COMRAM           000050-00005F               10
        CONST            000004-000007                4
                         0000BE-000FFF              F42
                         004156-00FFFF             BEAA
        EEDATA           F00000-F003FF              400
        MEDIUMCONST      004156-00FFFF             BEAA
        RAM              0001EC-0001FF               14
                         0002C2-0002FF               3E
                         000382-0003FF               7E
                         0004A0-0004FF               60
                         0005A0-000F37              100
        SFR              000F38-000FFF               28
        SMALLCONST       004156-00FFFF              100
        STACK            0005A0-000F37              998

                                  Symbol Table

?___altoft                                cstackCOMRAM 00002B
?___awmod                                 cstackCOMRAM 000011
?___ftadd                                 cstackBANK0  0000DD
?___ftdiv                                 cstackCOMRAM 000028
?___ftmul                                 cstackCOMRAM 000019
?___ftneg                                 cstackBANK0  0000DA
?___ftpack                                cstackCOMRAM 000011
?___fttol                                 cstackCOMRAM 00001C
?___lwdiv                                 cstackCOMRAM 000031
?___lwmod                                 cstackCOMRAM 000038
?___lwtoft                                cstackCOMRAM 000019
?___wmul                                  cstackCOMRAM 00002B
?_round                                   cstackBANK0  0000E9
?_trunc                                   cstackCOMRAM 000035
DATAEE_ReadByte@bAdd                      cstackCOMRAM 000011
DATAEE_WriteByte@GIEBitValue              cstackCOMRAM 000014
DATAEE_WriteByte@bAdd                     cstackCOMRAM 000011
DATAEE_WriteByte@bData                    cstackCOMRAM 000013
Delay@Timeout                             cstackCOMRAM 000011
EPWM1_LoadDutyValue@dutyValue             cstackBANK0  0000EF
EPWM3_LoadDutyValue@dutyValue             cstackBANK0  0000EF
EUSART1_Write@txData                      cstackCOMRAM 000011
I2C1_ISR@i2c_data                         cstackCOMRAM 000002
I2C1_StatusCallback@i2c_bus_state         cstackCOMRAM 000001
I2C_FillPacket@i                          cstackCOMRAM 000018
I2C_FillPacket@j                          cstackCOMRAM 000016
I2C_FillPacket@msg                        cstackCOMRAM 000011
I2C_GetNewMessages@i2c_lastCharRead       cstackCOMRAM 000021
I2C_GetNewMessages@msg                    cstackCOMRAM 00001F
I2C_ProcessPacket@msg                     cstackBANK0  0000F7
I2C_ProcessPacket@result                  cstackBANK0  0000F9
I2C_Send@i                                cstackCOMRAM 000017
I2C_Send@msg                              cstackCOMRAM 000012
LCD_Write@dlinea                          cstackCOMRAM 00001F
LCD_Write@linea                           cstackCOMRAM 00001D
LCD_Write@offset                          cstackCOMRAM 00001E
LCD_Write@string                          cstackCOMRAM 00001B
LCD_WriteChar@character                   cstackCOMRAM 000017
LCD_WriteChar@dlinea                      cstackCOMRAM 000018
LCD_WriteChar@linea                       cstackCOMRAM 000015
LCD_WriteChar@offset                      cstackCOMRAM 000016
LCD_WriteInt@centenas                     cstackBANK0  0000E7
LCD_WriteInt@decenas                      cstackBANK0  0000E8
LCD_WriteInt@decmiles                     cstackBANK0  0000DF
LCD_WriteInt@digitos                      cstackBANK0  0000DC
LCD_WriteInt@i                            cstackBANK0  0000EA
LCD_WriteInt@linea                        cstackBANK0  0000DD
LCD_WriteInt@miles                        cstackBANK0  0000E6
LCD_WriteInt@number                       cstackBANK0  0000DA
LCD_WriteInt@offset                       cstackBANK0  0000DE
LCD_WriteInt@string                       cstackBANK0  0000E0
LCD_WriteInt@unidades                     cstackBANK0  0000E9
PWM4_LoadDutyValue@dutyValue              cstackBANK0  0000EF
PWM5_LoadDutyValue@dutyValue              cstackBANK0  0000EF
Process4TO20Transmitter@Data_Received     cstackBANK1  0001E5
Process4TO20Transmitter@Online_data       cstackBANK1  0001E9
Process4TO20Transmitter@PWM_Duty          cstackBANK1  0001E7
Process4TO20Transmitter@msg               cstackBANK0  0000F1
Process4TO20Transmitter@result            cstackBANK1  0001E1
ProcessBotones@msg                        cstackCOMRAM 000035
ProcessBotones@result                     cstackCOMRAM 000037
ProcessCompuerta@msg                      cstackCOMRAM 000035
ProcessCompuerta@result                   cstackCOMRAM 000037
ProcessDevice@Result                      cstackBANK0  0000F3
ProcessDevice@k                           cstackBANK0  0000F4
ProcessDevice@msg                         cstackBANK0  0000EB
ProcessForward@msg                        cstackCOMRAM 000035
ProcessForward@result                     cstackCOMRAM 000037
ProcessPaPReferencia@msg                  cstackCOMRAM 000035
ProcessPaPReferencia@result               cstackCOMRAM 000037
ProcessSensores@msg                       cstackCOMRAM 000035
ProcessSensores@result                    cstackCOMRAM 000037
SaveClass@class                           cstackCOMRAM 000015
SaveID@id                                 cstackCOMRAM 000015
Send@msg                                  cstackCOMRAM 000030
Send_ACK@msg                              cstackCOMRAM 000032
Send_Firmware@i                           cstackCOMRAM 000036
Send_Firmware@msg                         cstackCOMRAM 000032
Send_Hardware@i                           cstackCOMRAM 000036
Send_Hardware@msg                         cstackCOMRAM 000032
Send_NAK@errCode                          cstackCOMRAM 000034
Send_NAK@msg                              cstackCOMRAM 000032
Send_Status@msg                           bssBANK0     0000CA
TMR2_SetInterruptHandler@InterruptHandler cstackCOMRAM 000011
TMR4_SetInterruptHandler@InterruptHandler cstackCOMRAM 000011
Timer4Tick@led_toggle_counter             bssBANK0     0000C2
UART_Checksum@msg                         cstackCOMRAM 000011
UART_Checksum@msg_size                    cstackCOMRAM 000013
UART_Send@i                               cstackCOMRAM 00002E
UART_Send@msg                             cstackCOMRAM 000018
UART_Send@msg_size                        cstackCOMRAM 00002D
UART_Send@packet                          cstackCOMRAM 00001E
_ADCON0                                   (abs)        000FC2
_ADCON0bits                               (abs)        000FC2
_ADCON1                                   (abs)        000FC1
_ADCON2                                   (abs)        000FC0
_ADC_Initialize                           text18       00402E
_ADRESH                                   (abs)        000FC4
_ADRESL                                   (abs)        000FC3
_ANSELA                                   (abs)        000F38
_ANSELB                                   (abs)        000F39
_ANSELC                                   (abs)        000F3A
_ANSELD                                   (abs)        000F3B
_ANSELE                                   (abs)        000F3C
_BAUDCON1                                 (abs)        000FB8
_CCP1CON                                  (abs)        000FBD
_CCP2CON                                  (abs)        000F66
_CCP3CON                                  (abs)        000F5D
_CCP4CON                                  (abs)        000F57
_CCP5CON                                  (abs)        000F54
_CCPR1H                                   (abs)        000FBF
_CCPR1L                                   (abs)        000FBE
_CCPR2H                                   (abs)        000F68
_CCPR2L                                   (abs)        000F67
_CCPR3H                                   (abs)        000F5F
_CCPR3L                                   (abs)        000F5E
_CCPR4H                                   (abs)        000F59
_CCPR4L                                   (abs)        000F58
_CCPR5H                                   (abs)        000F56
_CCPR5L                                   (abs)        000F55
_CCPTMRS0bits                             (abs)        000F49
_CCPTMRS1bits                             (abs)        000F48
_DATAEE_ReadByte                          text27       004000
_DATAEE_WriteByte                         text48       003B5C
_Delay                                    text85       003F72
_DelayTimerTicked                         bssBANK0     0000C9
_DividerTaskCounter                       bssBANK0     0000C6
_ECCP1AS                                  (abs)        000FB6
_ECCP2AS                                  (abs)        000F64
_ECCP3AS                                  (abs)        000F5B
_EEADR                                    (abs)        000FA9
_EEADRH                                   (abs)        000FAA
_EECON1bits                               (abs)        000FA6
_EECON2                                   (abs)        000FA7
_EEDATA                                   (abs)        000FA8
_EPWM1_Initialize                         text17       003E7C
_EPWM1_LoadDutyValue                      text77       003D34
_EPWM2_Initialize                         text16       003E58
_EPWM3_Initialize                         text15       003CD4
_EPWM3_LoadDutyValue                      text76       003C38
_EUSART1_Initialize                       text14       003B96
_EUSART1_Receive_ISR                      text100      003D90
_EUSART1_Transmit_ISR                     text99       003CA2
_EUSART1_Write                            text55       003AE4
_I2C1_DataReady                           text87       004098
_I2C1_ISR                                 text97       003A64
_I2C1_Initialize                          text13       003E0C
_I2C1_StatusCallback                      text98       003156
_I2C1_slaveWriteData                      dataCOMRAM   00004E
_I2C1_targetAddress                       dataCOMRAM   00004D
_I2CMsgTimeout                            bssBANK0     0000C4
_I2CQueue                                 bssBANK5     000500
_I2C_Address                              nvBANK0      0000FE
_I2C_FillPacket                           text86       0022F6
_I2C_GetNewMessages                       text78       00263C
_I2C_Input                                bssBANK2     000200
_I2C_Output                               bssBANK3     000300
_I2C_ProcessMessages                      text32       003996
_I2C_ProcessPacket                        text33       002C1E
_I2C_QueueInPointer                       bssCOMRAM    000042
_I2C_QueueOutPointer                      bssCOMRAM    000041
_I2C_Send                                 text57       002764
_INTCON2bits                              (abs)        000FF1
_INTCONbits                               (abs)        000FF2
_INTERRUPT_Initialize                     text12       0040DE
_INTERRUPT_InterruptManager               intcode      000008
_IPEN                                     (abs)        007E87
_IPR1bits                                 (abs)        000F9F
_IPR5bits                                 (abs)        000F7F
_InitTasks                                text20       003758
_LATA                                     (abs)        000F89
_LATA0                                    (abs)        007C48
_LATA5                                    (abs)        007C4D
_LATB                                     (abs)        000F8A
_LATC                                     (abs)        000F8B
_LATC5                                    (abs)        007C5D
_LATD                                     (abs)        000F8C
_LATD0                                    (abs)        007C60
_LATD1                                    (abs)        007C61
_LATD2                                    (abs)        007C62
_LATD3                                    (abs)        007C63
_LATD4                                    (abs)        007C64
_LATD7                                    (abs)        007C67
_LATE                                     (abs)        000F8D
_LATE0                                    (abs)        007C68
_LATE1                                    (abs)        007C69
_LCD_Init                                 text30       004126
_LCD_Write                                text41       003904
_LCD_WriteChar                            text81       0039DC
_LCD_WriteInt                             text39       001CCA
_MainTask                                 text19       004150
_Me                                       bssBANK1     000100
_MemoryInit                               text28       0040AC
_MemoryIsInit                             text26       003FCE
_MotorTimerTicked                         bssCOMRAM    000046
_OSCCON                                   (abs)        000FD3
_OSCCON2                                  (abs)        000FD2
_OSCILLATOR_Initialize                    text11       0040D0
_OSCTUNE                                  (abs)        000F9B
_PIE1bits                                 (abs)        000F9D
_PIE5bits                                 (abs)        000F7D
_PIN_MANAGER_Initialize                   text10       00386A
_PIR1bits                                 (abs)        000F9E
_PIR2bits                                 (abs)        000FA1
_PIR5bits                                 (abs)        000F7E
_PORTBbits                                (abs)        000F81
_PR2                                      (abs)        000FBB
_PR4                                      (abs)        000F52
_PR6                                      (abs)        000F4B
_PSTR1CON                                 (abs)        000FB9
_PSTR2CON                                 (abs)        000F63
_PSTR3CON                                 (abs)        000F5A
_PWM1CON                                  (abs)        000FB7
_PWM2CON                                  (abs)        000F65
_PWM3CON                                  (abs)        000F5C
_PWM4_Initialize                          text9        003FB0
_PWM4_LoadDutyValue                       text75       003C02
_PWM5_Initialize                          text8        003F92
_PWM5_LoadDutyValue                       text74       003BCC
_Process4TO20Transmitter                  text59       001060
_Process4TO20Transmitter$6380             cstackBANK1  0001E2
_ProcessBotones                           text50       003606
_ProcessCompuerta                         text49       002A4C
_ProcessDevice                            text37       002134
_ProcessForward                           text36       002DD6
_ProcessPaPReferencia                     text35       001F28
_ProcessSensores                          text34       002D02
_RCREG1                                   (abs)        000FAE
_RCSTA1                                   (abs)        000FAB
_RCSTA1bits                               (abs)        000FAB
_ReadClass                                text25       0040FA
_ReadID                                   text24       0040EC
_SPBRG1                                   (abs)        000FAF
_SPBRGH1                                  (abs)        000FB0
_SSP1ADD                                  (abs)        000FC8
_SSP1BUF                                  (abs)        000FC9
_SSP1CON1                                 (abs)        000FC6
_SSP1CON1bits                             (abs)        000FC6
_SSP1CON2                                 (abs)        000FC5
_SSP1CON2bits                             (abs)        000FC5
_SSP1CON3                                 (abs)        000FCB
_SSP1MSK                                  (abs)        000FCA
_SSP1STAT                                 (abs)        000FC7
_SSP1STATbits                             (abs)        000FC7
_SYSTEM_Initialize                        text1        003B22
_SaveClass                                text47       004084
_SaveID                                   text46       004070
_Send                                     text52       0038B8
_Send_ACK                                 text45       0037BA
_Send_Firmware                            text44       0030AA
_Send_Hardware                            text43       002FFE
_Send_NAK                                 text51       0036EA
_Setup_Display_LCD                        text29       003422
_T2CON                                    (abs)        000FBA
_T2CONbits                                (abs)        000FBA
_T4CON                                    (abs)        000F51
_T4CONbits                                (abs)        000F51
_T6CON                                    (abs)        000F4A
_T6CONbits                                (abs)        000F4A
_TABLAT                                   (abs)        000FF5
_TBLPTRH                                  (abs)        000FF7
_TBLPTRL                                  (abs)        000FF6
_TBLPTRU                                  (abs)        000FF8
_TC_Devices_Init                          text23       003AA6
_TMR2                                     (abs)        000FBC
_TMR2_CallBack                            text94       003F0C
_TMR2_DefaultInterruptHandler             text95       004154
_TMR2_ISR                                 text93       004136
_TMR2_Initialize                          text6        003F30
_TMR2_InterruptHandler                    nvBANK0      0000FC
_TMR2_SetInterruptHandler                 text22       004112
_TMR2_StartTimer                          text7        00414A
_TMR4                                     (abs)        000F53
_TMR4_CallBack                            text90       003EE8
_TMR4_DefaultInterruptHandler             text91       004152
_TMR4_ISR                                 text89       00412E
_TMR4_Initialize                          text4        003DBC
_TMR4_InterruptHandler                    nvBANK0      0000FA
_TMR4_SetInterruptHandler                 text21       004108
_TMR4_StartTimer                          text5        004144
_TMR6                                     (abs)        000F4C
_TMR6_Initialize                          text2        003FE8
_TMR6_StartTimer                          text3        00413E
_TRISA                                    (abs)        000F92
_TRISB                                    (abs)        000F93
_TRISC                                    (abs)        000F94
_TRISD                                    (abs)        000F95
_TRISE                                    (abs)        000F96
_TXREG1                                   (abs)        000FAD
_TXSTA1                                   (abs)        000FAC
_Timer2Tick                               text96       0040BE
_Timer4Tick                               text92       003D64
_UARTQueue                                bssBANK4     000400
_UART_Checksum                            text56       003DE4
_UART_QueueInPointer                      bssCOMRAM    000045
_UART_QueueOutPointer                     bssCOMRAM    000044
_UART_Send                                text53       00249A
_UpdateID                                 text38       003F52
_VERSION_FIRMWARE                         smallconst   001007
_VERSION_HARDWARE                         smallconst   001001
_WPUB                                     (abs)        000F61
__CFG_BOREN$SBORDIS                       (abs)        000000
__CFG_BORV$190                            (abs)        000000
__CFG_CCP2MX$PORTC1                       (abs)        000000
__CFG_CCP3MX$PORTB5                       (abs)        000000
__CFG_CP0$OFF                             (abs)        000000
__CFG_CP1$OFF                             (abs)        000000
__CFG_CP2$OFF                             (abs)        000000
__CFG_CP3$OFF                             (abs)        000000
__CFG_CPB$OFF                             (abs)        000000
__CFG_CPD$OFF                             (abs)        000000
__CFG_DEBUG$OFF                           (abs)        000000
__CFG_EBTR0$OFF                           (abs)        000000
__CFG_EBTR1$OFF                           (abs)        000000
__CFG_EBTR2$OFF                           (abs)        000000
__CFG_EBTR3$OFF                           (abs)        000000
__CFG_EBTRB$OFF                           (abs)        000000
__CFG_FCMEN$OFF                           (abs)        000000
__CFG_FOSC$INTIO7                         (abs)        000000
__CFG_HFOFST$ON                           (abs)        000000
__CFG_IESO$OFF                            (abs)        000000
__CFG_LVP$ON                              (abs)        000000
__CFG_MCLRE$EXTMCLR                       (abs)        000000
__CFG_P2BMX$PORTC0                        (abs)        000000
__CFG_PBADEN$ON                           (abs)        000000
__CFG_PLLCFG$OFF                          (abs)        000000
__CFG_PRICLKEN$ON                         (abs)        000000
__CFG_PWRTEN$OFF                          (abs)        000000
__CFG_STVREN$ON                           (abs)        000000
__CFG_T3CMX$PORTC0                        (abs)        000000
__CFG_WDTEN$OFF                           (abs)        000000
__CFG_WDTPS$4096                          (abs)        000000
__CFG_WRT0$OFF                            (abs)        000000
__CFG_WRT1$OFF                            (abs)        000000
__CFG_WRT2$OFF                            (abs)        000000
__CFG_WRT3$OFF                            (abs)        000000
__CFG_WRTB$OFF                            (abs)        000000
__CFG_WRTC$OFF                            (abs)        000000
__CFG_WRTD$OFF                            (abs)        000000
__CFG_XINST$OFF                           (abs)        000000
__HRAM                                    (abs)        000000
__Habs1                                   abs1         000000
__Hbank0                                  bank0        000000
__Hbank1                                  bank1        000000
__Hbank10                                 bank10       000000
__Hbank11                                 bank11       000000
__Hbank12                                 bank12       000000
__Hbank13                                 bank13       000000
__Hbank14                                 bank14       000000
__Hbank15                                 bank15       000000
__Hbank2                                  bank2        000000
__Hbank3                                  bank3        000000
__Hbank4                                  bank4        000000
__Hbank5                                  bank5        000000
__Hbank6                                  bank6        000000
__Hbank7                                  bank7        000000
__Hbank8                                  bank8        000000
__Hbank9                                  bank9        000000
__Hbigbss                                 bigbss       000000
__Hbigdata                                bigdata      000000
__Hbigram                                 bigram       000000
__Hbss                                    bss          000000
__HbssBANK0                               bssBANK0     000000
__HbssBANK1                               bssBANK1     000000
__HbssBANK2                               bssBANK2     000000
__HbssBANK3                               bssBANK3     000000
__HbssBANK4                               bssBANK4     000000
__HbssBANK5                               bssBANK5     000000
__HbssCOMRAM                              bssCOMRAM    000000
__Hcinit                                  cinit        000000
__Hclrtext                                clrtext      000000
__Hcomram                                 comram       000000
__Hconfig                                 config       30000E
__Hconst                                  const        000000
__HcstackBANK0                            cstackBANK0  000000
__HcstackBANK1                            cstackBANK1  000000
__HcstackCOMRAM                           cstackCOMRAM 000000
__Hdata                                   data         000000
__HdataCOMRAM                             dataCOMRAM   000000
__Heeprom_data                            eeprom_data  000000
__Hfarbss                                 farbss       000000
__Hfardata                                fardata      000000
__Hibigdata                               ibigdata     000000
__Hidata                                  idata        000000
__HidataCOMRAM                            idataCOMRAM  000000
__Hidloc                                  idloc        200008
__Hifardata                               ifardata     000000
__Hinit                                   init         0000BE
__Hintcode                                intcode      0000BA
__Hintcode_body                           intcode_body 000000
__Hintcodelo                              intcodelo    0000BA
__Hintentry                               intentry     000000
__Hintret                                 intret       000000
__Hintsave_regs                           intsave_regs 000000
__Hirdata                                 irdata       000000
__Hmediumconst                            mediumconst  000000
__HnvBANK0                                nvBANK0      000000
__HnvFARRAM                               nvFARRAM     000000
__Hnvbit                                  nvbit        000000
__Hnvrram                                 nvrram       000000
__Hparam                                  rparam       000000
__Hpowerup                                powerup      0000BA
__Hram                                    ram          000000
__Hramtop                                 ramtop       001000
__Hrbit                                   rbit         000000
__Hrbss                                   rbss         000000
__Hrdata                                  rdata        000000
__Hreset_vec                              reset_vec    000004
__Hrparam                                 rparam       000000
__Hsfr                                    sfr          000000
__Hsmallconst                             smallconst   001060
__Hspace_0                                (abs)        30000E
__Hspace_1                                (abs)        0005A0
__Hspace_2                                (abs)        000000
__Hstack                                  stack        000000
__Hstruct                                 struct       000000
__Htemp                                   temp         000050
__Htext                                   text         000000
__Htext0                                  text0        000000
__Htext1                                  text1        000000
__Htext10                                 text10       000000
__Htext100                                text100      000000
__Htext101                                text101      000000
__Htext11                                 text11       000000
__Htext12                                 text12       000000
__Htext13                                 text13       000000
__Htext14                                 text14       000000
__Htext15                                 text15       000000
__Htext16                                 text16       000000
__Htext17                                 text17       000000
__Htext18                                 text18       000000
__Htext19                                 text19       000000
__Htext2                                  text2        000000
__Htext20                                 text20       000000
__Htext21                                 text21       000000
__Htext22                                 text22       000000
__Htext23                                 text23       000000
__Htext24                                 text24       000000
__Htext25                                 text25       000000
__Htext26                                 text26       000000
__Htext27                                 text27       000000
__Htext28                                 text28       000000
__Htext29                                 text29       000000
__Htext3                                  text3        000000
__Htext30                                 text30       000000
__Htext31                                 text31       000000
__Htext32                                 text32       000000
__Htext33                                 text33       000000
__Htext34                                 text34       000000
__Htext35                                 text35       000000
__Htext36                                 text36       000000
__Htext37                                 text37       000000
__Htext38                                 text38       000000
__Htext39                                 text39       000000
__Htext4                                  text4        000000
__Htext40                                 text40       000000
__Htext41                                 text41       000000
__Htext42                                 text42       000000
__Htext43                                 text43       000000
__Htext44                                 text44       000000
__Htext45                                 text45       000000
__Htext46                                 text46       000000
__Htext47                                 text47       000000
__Htext48                                 text48       000000
__Htext49                                 text49       000000
__Htext5                                  text5        000000
__Htext50                                 text50       000000
__Htext51                                 text51       000000
__Htext52                                 text52       000000
__Htext53                                 text53       000000
__Htext54                                 text54       000000
__Htext55                                 text55       000000
__Htext56                                 text56       000000
__Htext57                                 text57       000000
__Htext58                                 text58       000000
__Htext59                                 text59       000000
__Htext6                                  text6        000000
__Htext60                                 text60       000000
__Htext61                                 text61       000000
__Htext62                                 text62       000000
__Htext63                                 text63       000000
__Htext64                                 text64       000000
__Htext65                                 text65       000000
__Htext66                                 text66       000000
__Htext67                                 text67       000000
__Htext68                                 text68       000000
__Htext69                                 text69       000000
__Htext7                                  text7        000000
__Htext70                                 text70       000000
__Htext71                                 text71       000000
__Htext72                                 text72       000000
__Htext73                                 text73       000000
__Htext74                                 text74       000000
__Htext75                                 text75       000000
__Htext76                                 text76       000000
__Htext77                                 text77       000000
__Htext78                                 text78       000000
__Htext79                                 text79       000000
__Htext8                                  text8        000000
__Htext80                                 text80       000000
__Htext81                                 text81       000000
__Htext82                                 text82       000000
__Htext83                                 text83       000000
__Htext84                                 text84       000000
__Htext85                                 text85       000000
__Htext86                                 text86       000000
__Htext87                                 text87       000000
__Htext89                                 text89       000000
__Htext9                                  text9        000000
__Htext90                                 text90       000000
__Htext91                                 text91       000000
__Htext92                                 text92       000000
__Htext93                                 text93       000000
__Htext94                                 text94       000000
__Htext95                                 text95       000000
__Htext96                                 text96       000000
__Htext97                                 text97       000000
__Htext98                                 text98       000000
__Htext99                                 text99       000000
__LRAM                                    (abs)        000001
__Labs1                                   abs1         000000
__Lbank0                                  bank0        000000
__Lbank1                                  bank1        000000
__Lbank10                                 bank10       000000
__Lbank11                                 bank11       000000
__Lbank12                                 bank12       000000
__Lbank13                                 bank13       000000
__Lbank14                                 bank14       000000
__Lbank15                                 bank15       000000
__Lbank2                                  bank2        000000
__Lbank3                                  bank3        000000
__Lbank4                                  bank4        000000
__Lbank5                                  bank5        000000
__Lbank6                                  bank6        000000
__Lbank7                                  bank7        000000
__Lbank8                                  bank8        000000
__Lbank9                                  bank9        000000
__Lbigbss                                 bigbss       000000
__Lbigdata                                bigdata      000000
__Lbigram                                 bigram       000000
__Lbss                                    bss          000000
__LbssBANK0                               bssBANK0     000000
__LbssBANK1                               bssBANK1     000000
__LbssBANK2                               bssBANK2     000000
__LbssBANK3                               bssBANK3     000000
__LbssBANK4                               bssBANK4     000000
__LbssBANK5                               bssBANK5     000000
__LbssCOMRAM                              bssCOMRAM    000000
__Lcinit                                  cinit        000000
__Lclrtext                                clrtext      000000
__Lcomram                                 comram       000000
__Lconfig                                 config       300000
__Lconst                                  const        000000
__LcstackBANK0                            cstackBANK0  000000
__LcstackBANK1                            cstackBANK1  000000
__LcstackCOMRAM                           cstackCOMRAM 000000
__Ldata                                   data         000000
__LdataCOMRAM                             dataCOMRAM   000000
__Leeprom_data                            eeprom_data  000000
__Lfarbss                                 farbss       000000
__Lfardata                                fardata      000000
__Libigdata                               ibigdata     000000
__Lidata                                  idata        000000
__LidataCOMRAM                            idataCOMRAM  000000
__Lidloc                                  idloc        200000
__Lifardata                               ifardata     000000
__Linit                                   init         0000BA
__Lintcode                                intcode      000008
__Lintcode_body                           intcode_body 000000
__Lintcodelo                              intcodelo    0000BA
__Lintentry                               intentry     000000
__Lintret                                 intret       000000
__Lintsave_regs                           intsave_regs 000000
__Lirdata                                 irdata       000000
__Lmediumconst                            mediumconst  000000
__LnvBANK0                                nvBANK0      000000
__LnvFARRAM                               nvFARRAM     000000
__Lnvbit                                  nvbit        000000
__Lnvrram                                 nvrram       000000
__Lparam                                  rparam       000000
__Lpowerup                                powerup      0000BA
__Lram                                    ram          000000
__Lramtop                                 ramtop       001000
__Lrbit                                   rbit         000000
__Lrbss                                   rbss         000000
__Lrdata                                  rdata        000000
__Lreset_vec                              reset_vec    000000
__Lrparam                                 rparam       000000
__Lsfr                                    sfr          000000
__Lsmallconst                             smallconst   001000
__Lspace_0                                (abs)        000000
__Lspace_1                                (abs)        000000
__Lspace_2                                (abs)        000000
__Lstack                                  stack        000000
__Lstruct                                 struct       000000
__Ltemp                                   temp         00004F
__Ltext                                   text         000000
__Ltext0                                  text0        000000
__Ltext1                                  text1        000000
__Ltext10                                 text10       000000
__Ltext100                                text100      000000
__Ltext101                                text101      000000
__Ltext11                                 text11       000000
__Ltext12                                 text12       000000
__Ltext13                                 text13       000000
__Ltext14                                 text14       000000
__Ltext15                                 text15       000000
__Ltext16                                 text16       000000
__Ltext17                                 text17       000000
__Ltext18                                 text18       000000
__Ltext19                                 text19       000000
__Ltext2                                  text2        000000
__Ltext20                                 text20       000000
__Ltext21                                 text21       000000
__Ltext22                                 text22       000000
__Ltext23                                 text23       000000
__Ltext24                                 text24       000000
__Ltext25                                 text25       000000
__Ltext26                                 text26       000000
__Ltext27                                 text27       000000
__Ltext28                                 text28       000000
__Ltext29                                 text29       000000
__Ltext3                                  text3        000000
__Ltext30                                 text30       000000
__Ltext31                                 text31       000000
__Ltext32                                 text32       000000
__Ltext33                                 text33       000000
__Ltext34                                 text34       000000
__Ltext35                                 text35       000000
__Ltext36                                 text36       000000
__Ltext37                                 text37       000000
__Ltext38                                 text38       000000
__Ltext39                                 text39       000000
__Ltext4                                  text4        000000
__Ltext40                                 text40       000000
__Ltext41                                 text41       000000
__Ltext42                                 text42       000000
__Ltext43                                 text43       000000
__Ltext44                                 text44       000000
__Ltext45                                 text45       000000
__Ltext46                                 text46       000000
__Ltext47                                 text47       000000
__Ltext48                                 text48       000000
__Ltext49                                 text49       000000
__Ltext5                                  text5        000000
__Ltext50                                 text50       000000
__Ltext51                                 text51       000000
__Ltext52                                 text52       000000
__Ltext53                                 text53       000000
__Ltext54                                 text54       000000
__Ltext55                                 text55       000000
__Ltext56                                 text56       000000
__Ltext57                                 text57       000000
__Ltext58                                 text58       000000
__Ltext59                                 text59       000000
__Ltext6                                  text6        000000
__Ltext60                                 text60       000000
__Ltext61                                 text61       000000
__Ltext62                                 text62       000000
__Ltext63                                 text63       000000
__Ltext64                                 text64       000000
__Ltext65                                 text65       000000
__Ltext66                                 text66       000000
__Ltext67                                 text67       000000
__Ltext68                                 text68       000000
__Ltext69                                 text69       000000
__Ltext7                                  text7        000000
__Ltext70                                 text70       000000
__Ltext71                                 text71       000000
__Ltext72                                 text72       000000
__Ltext73                                 text73       000000
__Ltext74                                 text74       000000
__Ltext75                                 text75       000000
__Ltext76                                 text76       000000
__Ltext77                                 text77       000000
__Ltext78                                 text78       000000
__Ltext79                                 text79       000000
__Ltext8                                  text8        000000
__Ltext80                                 text80       000000
__Ltext81                                 text81       000000
__Ltext82                                 text82       000000
__Ltext83                                 text83       000000
__Ltext84                                 text84       000000
__Ltext85                                 text85       000000
__Ltext86                                 text86       000000
__Ltext87                                 text87       000000
__Ltext89                                 text89       000000
__Ltext9                                  text9        000000
__Ltext90                                 text90       000000
__Ltext91                                 text91       000000
__Ltext92                                 text92       000000
__Ltext93                                 text93       000000
__Ltext94                                 text94       000000
__Ltext95                                 text95       000000
__Ltext96                                 text96       000000
__Ltext97                                 text97       000000
__Ltext98                                 text98       000000
__Ltext99                                 text99       000000
__S0                                      (abs)        30000E
__S1                                      (abs)        0005A0
__S2                                      (abs)        000000
___altoft                                 text64       003518
___altoft@c                               cstackCOMRAM 00002B
___altoft@exp                             cstackCOMRAM 000033
___altoft@sign                            cstackCOMRAM 000034
___awmod                                  text80       00367A
___awmod@counter                          cstackCOMRAM 000015
___awmod@dividend                         cstackCOMRAM 000011
___awmod@divisor                          cstackCOMRAM 000013
___awmod@sign                             cstackCOMRAM 000016
___ftadd                                  text66       001A62
___ftadd@exp1                             cstackBANK0  0000E8
___ftadd@exp2                             cstackBANK0  0000E7
___ftadd@f1                               cstackBANK0  0000DD
___ftadd@f2                               cstackBANK0  0000E0
___ftadd@sign                             cstackBANK0  0000E6
___ftdiv                                  text72       002B38
___ftdiv@cntr                             cstackCOMRAM 000031
___ftdiv@exp                              cstackCOMRAM 000035
___ftdiv@f1                               cstackCOMRAM 000028
___ftdiv@f2                               cstackCOMRAM 00002B
___ftdiv@f3                               cstackCOMRAM 000032
___ftdiv@sign                             cstackCOMRAM 000036
___ftge                                   text71       003200
___ftge@ff1                               cstackCOMRAM 000011
___ftge@ff2                               cstackCOMRAM 000014
___ftmul                                  text70       002958
___ftmul@cntr                             cstackCOMRAM 000026
___ftmul@exp                              cstackCOMRAM 000022
___ftmul@f1                               cstackCOMRAM 000019
___ftmul@f2                               cstackCOMRAM 00001C
___ftmul@f3_as_product                    cstackCOMRAM 000023
___ftmul@sign                             cstackCOMRAM 000027
___ftneg                                  text65       003D04
___ftneg@f1                               cstackBANK0  0000DA
___ftpack                                 text73       002F50
___ftpack@arg                             cstackCOMRAM 000011
___ftpack@exp                             cstackCOMRAM 000014
___ftpack@sign                            cstackCOMRAM 000015
___fttol                                  text63       002864
___fttol@exp1                             cstackCOMRAM 00002A
___fttol@f1                               cstackCOMRAM 00001C
___fttol@lval                             cstackCOMRAM 000026
___fttol@sign1                            cstackCOMRAM 000025
___inthi_sp                               stack        000000
___intlo_sp                               stack        000000
___lwdiv                                  text69       003818
___lwdiv@counter                          cstackCOMRAM 000035
___lwdiv@dividend                         cstackCOMRAM 000031
___lwdiv@divisor                          cstackCOMRAM 000033
___lwdiv@quotient                         cstackCOMRAM 000036
___lwmod                                  text40       003A22
___lwmod@counter                          cstackCOMRAM 00003C
___lwmod@dividend                         cstackCOMRAM 000038
___lwmod@divisor                          cstackCOMRAM 00003A
___lwtoft                                 text68       003EC4
___lwtoft@c                               cstackCOMRAM 000019
___param_bank                             (abs)        000000
___rparam_used                            (abs)        000001
___sp                                     stack        000000
___wmul                                   text67       003E32
___wmul@multiplicand                      cstackCOMRAM 00002D
___wmul@multiplier                        cstackCOMRAM 00002B
___wmul@product                           cstackCOMRAM 00002F
__accesstop                               (abs)        000060
__activetblptr                            (abs)        000003
__end_of_ADC_Initialize                   text18       004044
__end_of_DATAEE_ReadByte                  text27       004018
__end_of_DATAEE_WriteByte                 text48       003B96
__end_of_Delay                            text85       003F92
__end_of_EPWM1_Initialize                 text17       003EA0
__end_of_EPWM1_LoadDutyValue              text77       003D64
__end_of_EPWM2_Initialize                 text16       003E7C
__end_of_EPWM3_Initialize                 text15       003D04
__end_of_EPWM3_LoadDutyValue              text76       003C6E
__end_of_EUSART1_Initialize               text14       003BCC
__end_of_EUSART1_Receive_ISR              text100      003DBC
__end_of_EUSART1_Transmit_ISR             text99       003CD4
__end_of_EUSART1_Write                    text55       003B22
__end_of_I2C1_DataReady                   text87       0040AC
__end_of_I2C1_ISR                         text97       003AA6
__end_of_I2C1_Initialize                  text13       003E32
__end_of_I2C1_StatusCallback              text98       003200
__end_of_I2C_FillPacket                   text86       00249A
__end_of_I2C_GetNewMessages               text78       002764
__end_of_I2C_ProcessMessages              text32       0039DC
__end_of_I2C_ProcessPacket                text33       002D02
__end_of_I2C_Send                         text57       002864
__end_of_INTERRUPT_Initialize             text12       0040EC
__end_of_INTERRUPT_InterruptManager       intcode      0000BA
__end_of_InitTasks                        text20       0037BA
__end_of_LCD_Init                         text30       00412E
__end_of_LCD_Write                        text41       00394E
__end_of_LCD_WriteChar                    text81       003A22
__end_of_LCD_WriteInt                     text39       001F28
__end_of_MainTask                         text19       004152
__end_of_MemoryInit                       text28       0040BE
__end_of_MemoryIsInit                     text26       003FE8
__end_of_OSCILLATOR_Initialize            text11       0040DE
__end_of_PIN_MANAGER_Initialize           text10       0038B8
__end_of_PWM4_Initialize                  text9        003FCE
__end_of_PWM4_LoadDutyValue               text75       003C38
__end_of_PWM5_Initialize                  text8        003FB0
__end_of_PWM5_LoadDutyValue               text74       003C02
__end_of_Process4TO20Transmitter          text59       001A62
__end_of_ProcessBotones                   text50       00367A
__end_of_ProcessCompuerta                 text49       002B38
__end_of_ProcessDevice                    text37       0022F6
__end_of_ProcessForward                   text36       002E9C
__end_of_ProcessPaPReferencia             text35       002134
__end_of_ProcessSensores                  text34       002DD6
__end_of_ReadClass                        text25       004108
__end_of_ReadID                           text24       0040FA
__end_of_SYSTEM_Initialize                text1        003B5C
__end_of_SaveClass                        text47       004098
__end_of_SaveID                           text46       004084
__end_of_Send                             text52       003904
__end_of_Send_ACK                         text45       003818
__end_of_Send_Firmware                    text44       003156
__end_of_Send_Hardware                    text43       0030AA
__end_of_Send_NAK                         text51       003758
__end_of_Setup_Display_LCD                text29       0034A0
__end_of_TC_Devices_Init                  text23       003AE4
__end_of_TMR2_CallBack                    text94       003F30
__end_of_TMR2_DefaultInterruptHandler     text95       004156
__end_of_TMR2_ISR                         text93       00413E
__end_of_TMR2_Initialize                  text6        003F52
__end_of_TMR2_SetInterruptHandler         text22       00411C
__end_of_TMR2_StartTimer                  text7        00414E
__end_of_TMR4_CallBack                    text90       003F0C
__end_of_TMR4_DefaultInterruptHandler     text91       004154
__end_of_TMR4_ISR                         text89       004136
__end_of_TMR4_Initialize                  text4        003DE4
__end_of_TMR4_SetInterruptHandler         text21       004112
__end_of_TMR4_StartTimer                  text5        00414A
__end_of_TMR6_Initialize                  text2        004000
__end_of_TMR6_StartTimer                  text3        004144
__end_of_Timer2Tick                       text96       0040D0
__end_of_Timer4Tick                       text92       003D90
__end_of_UART_Checksum                    text56       003E0C
__end_of_UART_Send                        text53       00263C
[...]
 Registers used:
		wreg, status,2, status,0, pclath, tosl, cstack
 Tracked objects:
		On entry : 
		On exit  : 
		Unchanged: 
 Data sizes:     COMRAM   BANK0   BANK1   BANK2   BANK3   BANK4   BANK5   BANK6   BANK7   BANK8   BANK9  BANK10  BANK11  BANK12  BANK13  BANK14  BANK15
      Params:         0       0       0       0       0       0       0       0       0       0       0       0       0       0       0       0       0
      Locals:         0       0       0       0       0       0       0       0       0       0       0       0       0       0       0       0       0
      Temps:          0       0       0       0       0       0       0       0       0       0       0       0       0       0       0       0       0
      Totals:         0       0       0       0       0       0       0       0       0       0       0       0       0       0       0       0       0
Total ram usage:        0 bytes
 Hardware stack levels used:    1
 Hardware stack levels required when called:    2
 This function calls:
		_TMR2_CallBack
 This function is called by:
		_INTERRUPT_InterruptManager
 This function uses a non-reentrant model


 *************** function _TMR2_CallBack *****************
 Defined at:
		line 126 in file "mcc_generated_files/tmr2.c"
 Parameters:    Size  Location     Type
		None
 Auto vars:     Size  Location     Type
		None
 Return value:  Size  Location     Type
                  1    wreg      void 
 Registers used:
		wreg, status,2, status,0, pclath, tosl, cstack
 Tracked objects:
		On entry : 
		On exit  : 
		Unchanged: 
 Data sizes:     COMRAM   BANK0   BANK1   BANK2   BANK3   BANK4   BANK5   BANK6   BANK7   BANK8   BANK9  BANK10  BANK11  BANK12  BANK13  BANK14  BANK15
      Params:         0       0       0       0       0       0       0       0       0       0       0       0       0       0       0       0       0
      Locals:         0       0       0       0       0       0       0       0       0       0       0       0       0       0       0       0       0
      Temps:          0       0       0       0       0       0       0       0       0       0       0       0       0       0       0       0       0
      Totals:         0       0       0       0       0       0       0       0       0       0       0       0       0       0       0       0       0
Total ram usage:        0 bytes
 Hardware stack levels used:    1
 Hardware stack levels required when called:    1
 This function calls:
		Absolute function
		_TMR2_DefaultInterruptHandler
		_Timer2Tick
 This function is called by:
		_TMR2_ISR
 This function uses a non-reentrant model


 *************** function _TMR2_DefaultInterruptHandler *****************
 Defined at:
		line 140 in file "mcc_generated_files/tmr2.c"
 Parameters:    Size  Location     Type
		None
 Auto vars:     Size  Location     Type
		None
 Return value:  Size  Location     Type
                  1    wreg      void 
 Registers used:
		None
 Tracked objects:
		On entry : 
		On exit  : 
		Unchanged: 
 Data sizes:     COMRAM   BANK0   BANK1   BANK2   BANK3   BANK4   BANK5   BANK6   BANK7   BANK8   BANK9  BANK10  BANK11  BANK12  BANK13  BANK14  BANK15
      Params:         0       0       0       0       0       0       0       0       0       0       0       0       0       0       0       0       0
      Locals:         0       0       0       0       0       0       0       0       0       0       0       0       0       0       0       0       0
      Temps:          0       0       0       0       0       0       0       0       0       0       0       0       0       0       0       0       0
      Totals:         0       0       0       0       0       0       0       0       0       0       0       0       0       0       0       0       0
Total ram usage:        0 bytes
 Hardware stack levels used:    1
 This function calls:
		Nothing
 This function is called by:
		_TMR2_Initialize
		_TMR2_CallBack
 This function uses a non-reentrant model


 *************** function _Timer2Tick *****************
 Defined at:
		line 151 in file "tasks.c"
 Parameters:    Size  Location     Type
		None
 Auto vars:     Size  Location     Type
		None
 Return value:  Size  Location     Type
                  1    wreg      void 
 Registers used:
		wreg, status,2, status,0
 Tracked objects:
		On entry : 
		On exit  : 
		Unchanged: 
 Data sizes:     COMRAM   BANK0   BANK1   BANK2   BANK3   BANK4   BANK5   BANK6   BANK7   BANK8   BANK9  BANK10  BANK11  BANK12  BANK13  BANK14  BANK15
      Params:         0       0       0       0       0       0       0       0       0       0       0       0       0       0       0       0       0
      Locals:         0       0       0       0       0       0       0       0       0       0       0       0       0       0       0       0       0
      Temps:          0       0       0       0       0       0       0       0       0       0       0       0       0       0       0       0       0
      Totals:         0       0       0       0       0       0       0       0       0       0       0       0       0       0       0       0       0
Total ram usage:        0 bytes
 Hardware stack levels used:    1
 This function calls:
		Nothing
 This function is called by:
		_InitTasks
		_TMR2_CallBack
 This function uses a non-reentrant model


 *************** function _I2C1_ISR *****************
 Defined at:
		line 111 in file "mcc_generated_files/i2c1.c"
 Parameters:    Size  Location     Type
		None
 Auto vars:     Size  Location     Type
  i2c_data        1    1[COMRAM] unsigned char 
 Return value:  Size  Location     Type
                  1    wreg      void 
 Registers used:
		wreg, fsr2l, fsr2h, status,2, status,0, prodl, prodh, cstack
 Tracked objects:
		On entry : 
		On exit  : 
		Unchanged: 
 Data sizes:     COMRAM   BANK0   BANK1   BANK2   BANK3   BANK4   BANK5   BANK6   BANK7   BANK8   BANK9  BANK10  BANK11  BANK12  BANK13  BANK14  BANK15
      Params:         0       0       0       0       0       0       0       0       0       0       0       0       0       0       0       0       0
      Locals:         1       0       0       0       0       0       0       0       0       0       0       0       0       0       0       0       0
      Temps:          0       0       0       0       0       0       0       0       0       0       0       0       0       0       0       0       0
      Totals:         1       0       0       0       0       0       0       0       0       0       0       0       0       0       0       0       0
Total ram usage:        1 bytes
 Hardware stack levels used:    1
 Hardware stack levels required when called:    1
 This function calls:
		_I2C1_StatusCallback
 This function is called by:
		_INTERRUPT_InterruptManager
 This function uses a non-reentrant model


 *************** function _I2C1_StatusCallback *****************
 Defined at:
		line 151 in file "mcc_generated_files/i2c1.c"
 Parameters:    Size  Location     Type
  i2c_bus_stat    1    wreg     enum E6983
 Auto vars:     Size  Location     Type
  i2c_bus_stat    1    0[COMRAM] enum E6983
 Return value:  Size  Location     Type
                  1    wreg      void 
 Registers used:
		wreg, fsr2l, fsr2h, status,2, status,0, prodl, prodh
 Tracked objects:
		On entry : 
		On exit  : 
		Unchanged: 
 Data sizes:     COMRAM   BANK0   BANK1   BANK2   BANK3   BANK4   BANK5   BANK6   BANK7   BANK8   BANK9  BANK10  BANK11  BANK12  BANK13  BANK14  BANK15
      Params:         0       0       0       0       0       0       0       0       0       0       0       0       0       0       0       0       0
      Locals:         1       0       0       0       0       0       0       0       0       0       0       0       0       0       0       0       0
      Temps:          0       0       0       0       0       0       0       0       0       0       0       0       0       0       0       0       0
      Totals:         1       0       0       0       0       0       0       0       0       0       0       0       0       0       0       0       0
Total ram usage:        1 bytes
 Hardware stack levels used:    1
 This function calls:
		Nothing
 This function is called by:
		_I2C1_ISR
 This function uses a non-reentrant model


 *************** function _EUSART1_Transmit_ISR *****************
 Defined at:
		line 169 in file "mcc_generated_files/eusart1.c"
 Parameters:    Size  Location     Type
		None
 Auto vars:     Size  Location     Type
		None
 Return value:  Size  Location     Type
                  1    wreg      void 
 Registers used:
		wreg, fsr2l, fsr2h, status,2, status,0, prodl, prodh
 Tracked objects:
		On entry : 
		On exit  : 
		Unchanged: 
 Data sizes:     COMRAM   BANK0   BANK1   BANK2   BANK3   BANK4   BANK5   BANK6   BANK7   BANK8   BANK9  BANK10  BANK11  BANK12  BANK13  BANK14  BANK15
      Params:         0       0       0       0       0       0       0       0       0       0       0       0       0       0       0       0       0
      Locals:         0       0       0       0       0       0       0       0       0       0       0       0       0       0       0       0       0
      Temps:          0       0       0       0       0       0       0       0       0       0       0       0       0       0       0       0       0
      Totals:         0       0       0       0       0       0       0       0       0       0       0       0       0       0       0       0       0
Total ram usage:        0 bytes
 Hardware stack levels used:    1
 This function calls:
		Nothing
 This function is called by:
		_INTERRUPT_InterruptManager
 This function uses a non-reentrant model


 *************** function _EUSART1_Receive_ISR *****************
 Defined at:
		line 188 in file "mcc_generated_files/eusart1.c"
 Parameters:    Size  Location     Type
		None
 Auto vars:     Size  Location     Type
		None
 Return value:  Size  Location     Type
                  1    wreg      void 
 Registers used:
		wreg, fsr2l, fsr2h, status,2, status,0, prodl, prodh
 Tracked objects:
		On entry : 
		On exit  : 
		Unchanged: 
 Data sizes:     COMRAM   BANK0   BANK1   BANK2   BANK3   BANK4   BANK5   BANK6   BANK7   BANK8   BANK9  BANK10  BANK11  BANK12  BANK13  BANK14  BANK15
      Params:         0       0       0       0       0       0       0       0       0       0       0       0       0       0       0       0       0
      Locals:         0       0       0       0       0       0       0       0       0       0       0       0       0       0       0       0       0
      Temps:          0       0       0       0       0       0       0       0       0       0       0       0       0       0       0       0       0
      Totals:         0       0       0       0       0       0       0       0       0       0       0       0       0       0       0       0       0
Total ram usage:        0 bytes
 Hardware stack levels used:    1
 This function calls:
		Nothing
 This function is called by:
		_INTERRUPT_InterruptManager
 This function uses a non-reentrant model



MODULE INFORMATION

Module		Function		Class		Link	Load	Size
C:\Program Files\Microchip\xc8\v1.41\sources\common\ftadd.c
		___ftadd       		CODE           	1A62	0000	617

C:\Program Files\Microchip\xc8\v1.41\sources\common\ftadd.c estimated size: 617

UART.c
		_UART_Checksum 		CODE           	3DE4	0000	41
		_UART_Send     		CODE           	249A	0000	419

UART.c estimated size: 460

mcc_generated_files/tmr6.c
		_TMR6_StartTimer		CODE           	413E	0000	7
		_TMR6_Initialize		CODE           	3FE8	0000	25

mcc_generated_files/tmr6.c estimated size: 32

mcc_generated_files/tmr4.c
		_TMR4_ISR      		CODE           	412E	0000	9
		_TMR4_Initialize		CODE           	3DBC	0000	41
		_TMR4_SetInterruptHandler		CODE           	4108	0000	11
		_TMR4_DefaultInterruptHandler		CODE           	4152	0000	3
		_TMR4_CallBack 		CODE           	3EE8	0000	37
		_TMR4_StartTimer		CODE           	4144	0000	7

mcc_generated_files/tmr4.c estimated size: 108

C:\Program Files\Microchip\xc8\v1.41\sources\common\round.c
		_round         		CODE           	3290	0000	143

C:\Program Files\Microchip\xc8\v1.41\sources\common\round.c estimated size: 143

epwm3.c
		_EPWM3_LoadDutyValue		CODE           	3C38	0000	55
		_EPWM3_Initialize		CODE           	3CD4	0000	49

epwm3.c estimated size: 104

mcc_generated_files/tmr2.c
		_TMR2_ISR      		CODE           	4136	0000	9
		_TMR2_Initialize		CODE           	3F30	0000	35
		_TMR2_SetInterruptHandler		CODE           	4112	0000	11
		_TMR2_DefaultInterruptHandler		CODE           	4154	0000	3
		_TMR2_CallBack 		CODE           	3F0C	0000	37
		_TMR2_StartTimer		CODE           	414A	0000	5

mcc_generated_files/tmr2.c estimated size: 100

mcc_generated_files/interrupt_manager.c
		_INTERRUPT_Initialize		CODE           	40DE	0000	15
		_INTERRUPT_InterruptManager		CODE           	0008	0000	179

mcc_generated_files/interrupt_manager.c estimated size: 194

mcc_generated_files/epwm2.c
		_EPWM2_Initialize		CODE           	3E58	0000	37

mcc_generated_files/epwm2.c estimated size: 37

displayLCD20x4.c
		_LCD_Init      		CODE           	4126	0000	9
		_lcd_write_string_4d		CODE           	331E	0000	131
		_lcd_write_character_4d		CODE           	405A	0000	23
		_lcd_write_4   		CODE           	394E	0000	73
		_LCD_Write     		CODE           	3904	0000	75
		_LCD_WriteInt  		CODE           	1CCA	0000	607
		_LCD_WriteChar 		CODE           	39DC	0000	71
		_lcd_write_instruction_4d		CODE           	4044	0000	23
		_lcd_init_4d   		CODE           	2E9C	0000	181

displayLCD20x4.c estimated size: 1193

mcc_generated_files/i2c1.c
		_i2c_putch     		CODE           	3EA0	0000	37
		_I2C1_StatusCallback		CODE           	3156	0000	171
		_I2C1_ISR      		CODE           	3A64	0000	67
		_I2C1_Initialize		CODE           	3E0C	0000	39
		_I2C1_DataReady		CODE           	4098	0000	21
		_i2c_getch     		CODE           	3C6E	0000	53

mcc_generated_files/i2c1.c estimated size: 388

C:\Program Files\Microchip\xc8\v1.41\sources\common\ftneg.c
		___ftneg       		CODE           	3D04	0000	49

C:\Program Files\Microchip\xc8\v1.41\sources\common\ftneg.c estimated size: 49

C:\Program Files\Microchip\xc8\v1.41\sources\common\ftge.c
		___ftge        		CODE           	3200	0000	145

C:\Program Files\Microchip\xc8\v1.41\sources\common\ftge.c estimated size: 145

C:\Program Files\Microchip\xc8\v1.41\sources\common\altoft.c
		___altoft      		CODE           	3518	0000	121

C:\Program Files\Microchip\xc8\v1.41\sources\common\altoft.c estimated size: 121

I2C.c
		_I2C_GetNewMessages		CODE           	263C	0000	297
		_I2C_ProcessMessages		CODE           	3996	0000	71
		_I2C_Send      		CODE           	2764	0000	257
		_I2C_FillPacket		CODE           	22F6	0000	421

I2C.c estimated size: 1046

mcc_generated_files/pin_manager.c
		_PIN_MANAGER_Initialize		CODE           	386A	0000	79

mcc_generated_files/pin_manager.c estimated size: 79

C:\Program Files\Microchip\xc8\v1.41\sources\common\float.c
		___ftpack      		CODE           	2F50	0000	175

C:\Program Files\Microchip\xc8\v1.41\sources\common\float.c estimated size: 175

C:\Program Files\Microchip\xc8\v1.41\sources\common\lwmod.c
		___lwmod       		CODE           	3A22	0000	67

C:\Program Files\Microchip\xc8\v1.41\sources\common\lwmod.c estimated size: 67

C:\Program Files\Microchip\xc8\v1.41\sources\common\awmod.c
		___awmod       		CODE           	367A	0000	113

C:\Program Files\Microchip\xc8\v1.41\sources\common\awmod.c estimated size: 113

mcc_generated_files/adc.c
		_ADC_Initialize		CODE           	402E	0000	23

mcc_generated_files/adc.c estimated size: 23

C:\Program Files\Microchip\xc8\v1.41\sources\common\lwtoft.c
		___lwtoft      		CODE           	3EC4	0000	37

C:\Program Files\Microchip\xc8\v1.41\sources\common\lwtoft.c estimated size: 37

pwm4.c
		_PWM4_Initialize		CODE           	3FB0	0000	31
		_PWM4_LoadDutyValue		CODE           	3C02	0000	55

pwm4.c estimated size: 86

C:\Program Files\Microchip\xc8\v1.41\sources\common\frexp.c
		_frexp         		CODE           	34A0	0000	121

C:\Program Files\Microchip\xc8\v1.41\sources\common\frexp.c estimated size: 121

tasks.c
		_Timer2Tick    		CODE           	40BE	0000	19
		_Setup_Display_LCD		CODE           	3422	0000	127
		_InitTasks     		CODE           	3758	0000	99
		_Delay         		CODE           	3F72	0000	33
		_MainTask      		CODE           	4150	0000	3
		_Timer4Tick    		CODE           	3D64	0000	45
		_UpdateID      		CODE           	3F52	0000	33

tasks.c estimated size: 359

shared
		_VERSION_HARDWARE		SMALLCONST     	1001	0000	7
		_VERSION_FIRMWARE		SMALLCONST     	1007	0000	5
		__initialization		CODE           	3590	0000	109

shared estimated size: 121

mcc_generated_files/eusart1.c
		_EUSART1_Initialize		CODE           	3B96	0000	55
		_putch         		CODE           	411C	0000	11
		_EUSART1_Write 		CODE           	3AE4	0000	63
		_EUSART1_Receive_ISR		CODE           	3D90	0000	45
		_EUSART1_Transmit_ISR		CODE           	3CA2	0000	51

mcc_generated_files/eusart1.c estimated size: 225

C:\Program Files\Microchip\xc8\v1.41\sources\common\ftmul.c
		___ftmul       		CODE           	2958	0000	245

C:\Program Files\Microchip\xc8\v1.41\sources\common\ftmul.c estimated size: 245

mcc_generated_files/mcc.c
		_OSCILLATOR_Initialize		CODE           	40D0	0000	15
		_SYSTEM_Initialize		CODE           	3B22	0000	59

mcc_generated_files/mcc.c estimated size: 74

C:\Program Files\Microchip\xc8\v1.41\sources\common\ftdiv.c
		___ftdiv       		CODE           	2B38	0000	231

C:\Program Files\Microchip\xc8\v1.41\sources\common\ftdiv.c estimated size: 231

mcc_generated_files/epwm1.c
		_EPWM1_LoadDutyValue		CODE           	3D34	0000	49
		_EPWM1_Initialize		CODE           	3E7C	0000	37

mcc_generated_files/epwm1.c estimated size: 86

C:\Program Files\Microchip\xc8\v1.41\sources\common\lwdiv.c
		___lwdiv       		CODE           	3818	0000	83

C:\Program Files\Microchip\xc8\v1.41\sources\common\lwdiv.c estimated size: 83

C:\Program Files\Microchip\xc8\v1.41\sources\common\Umul16.c
		___wmul        		CODE           	3E32	0000	39

C:\Program Files\Microchip\xc8\v1.41\sources\common\Umul16.c estimated size: 39

devices.c
		_Process4TO20Transmitter		CODE           	1060	0000	2563
		_ProcessBotones		CODE           	3606	0000	117
		_TC_Devices_Init		CODE           	3AA6	0000	63
		_Send_ACK      		CODE           	37BA	0000	95
		_Send_Firmware 		CODE           	30AA	0000	173
		_ProcessSensores		CODE           	2D02	0000	213
		_Send_NAK      		CODE           	36EA	0000	111
		_Send_Hardware 		CODE           	2FFE	0000	173
		_Send          		CODE           	38B8	0000	77
		_I2C_ProcessPacket		CODE           	2C1E	0000	229
		_ProcessCompuerta		CODE           	2A4C	0000	237
		_ProcessDevice 		CODE           	2134	0000	451
		_ProcessForward		CODE           	2DD6	0000	199
		_ProcessPaPReferencia		CODE           	1F28	0000	525

devices.c estimated size: 5226

mcc_generated_files/memory.c
		_DATAEE_WriteByte		CODE           	3B5C	0000	59
		_DATAEE_ReadByte		CODE           	4000	0000	25

mcc_generated_files/memory.c estimated size: 84

properties.c
		_SaveClass     		CODE           	4084	0000	21
		_ReadClass     		CODE           	40FA	0000	15
		_SaveID        		CODE           	4070	0000	21
		_MemoryInit    		CODE           	40AC	0000	19
		_MemoryIsInit  		CODE           	3FCE	0000	27
		_ReadID        		CODE           	40EC	0000	15

properties.c estimated size: 118

C:\Program Files\Microchip\xc8\v1.41\sources\common\trunc.c
		_trunc         		CODE           	33A0	0000	131

C:\Program Files\Microchip\xc8\v1.41\sources\common\trunc.c estimated size: 131

main.c
		_main          		CODE           	4018	0000	23

main.c estimated size: 23

C:\Program Files\Microchip\xc8\v1.41\sources\common\fttol.c
		___fttol       		CODE           	2864	0000	245

C:\Program Files\Microchip\xc8\v1.41\sources\common\fttol.c estimated size: 245

pwm5.c
		_PWM5_LoadDutyValue		CODE           	3BCC	0000	55
		_PWM5_Initialize		CODE           	3F92	0000	31

pwm5.c estimated size: 86

